// Jest Snapshot v1, https://goo.gl/fbAQLP

exports[`CatalogItem should create CartItem 1`] = `
Object {
  "asFragment": [Function],
  "baseElement": <body>
    <div>
      <div
        class="cart-item"
      >
        <img
          alt="/"
          class="cart-item__image"
          src="https://sun9-19.userapi.com/impg/2PPRq_DqAos6wV6irSDxgUNzSCz-QaMLN2F30w/d9AlL4fl_eU.jpg?size=213x320&quality=95&sign=917a56004a0253a74d9f63bce0b055be&type=album"
        />
        <div
          class="cart-item__content"
        >
          <div
            class="cart-item__size"
          >
            <svg
              fill="none"
              height="15"
              viewBox="0 0 9 15"
              width="9"
              xmlns="http://www.w3.org/2000/svg"
            >
              <g
                clip-path="url(#clip0_56_1553)"
                opacity="0.23"
              >
                <path
                  d="M8.1 14.0625C8.05312 14.3164 7.95234 14.5361 7.79766 14.7217C7.64297 14.9072 7.44375 15 7.2 15H1.8C1.55625 15 1.35937 14.9097 1.20937 14.729C1.05937 14.5483 0.95625 14.3262 0.9 14.0625L0 8.4375V6.5625C0 6.2793 0.0914062 6.04492 0.274219 5.85938C0.457031 5.67383 0.726562 5.49072 1.08281 5.31006C1.43906 5.12939 1.65937 5.00977 1.74375 4.95117C2.11875 4.67773 2.45625 4.35547 2.75625 3.98438C3.05625 3.61328 3.27656 3.22266 3.41719 2.8125H3.15C3.02812 2.8125 2.92266 2.76611 2.83359 2.67334C2.74453 2.58057 2.7 2.4707 2.7 2.34375V0.46875C2.7 0.341797 2.74453 0.231934 2.83359 0.13916C2.92266 0.0463867 3.02812 0 3.15 0H5.85C5.97187 0 6.07734 0.0463867 6.16641 0.13916C6.25547 0.231934 6.3 0.341797 6.3 0.46875V2.34375C6.3 2.4707 6.25547 2.58057 6.16641 2.67334C6.07734 2.76611 5.97187 2.8125 5.85 2.8125H5.58281C5.86406 3.60352 6.38437 4.28711 7.14375 4.86328C7.24687 4.95117 7.48125 5.08789 7.84687 5.27344C8.2125 5.45898 8.49609 5.64941 8.69766 5.84473C8.89922 6.04004 9 6.2793 9 6.5625V8.4375L8.1 14.0625Z"
                  fill="#3F4E65"
                />
              </g>
              <defs>
                <clippath
                  id="clip0_56_1553"
                >
                  <rect
                    fill="white"
                    height="15"
                    width="9"
                  />
                </clippath>
              </defs>
            </svg>
             
            250
             
            мл
          </div>
          <div
            class="cart-item__name"
          >
            ADIDAS
            <span
              class="cart-item__text"
            >
              Купить Гель для душа 250 мл Adidas Уход за телом
            </span>
          </div>
          <div
            class="cart-item__description"
          >
            Lorem ipsum dolor sit amet, consectetur adipiscing elit. Nullam interdum 
            <br />
             ut justo, vestibulum sagittis iaculis iaculis. Quis mattis vulputate feugiat massa 
            <br />
             vestibulum duis.
          </div>
        </div>
        <div
          class="cart-bottom__container"
        >
          <div
            class="card-product__count"
          >
            <button
              class="card-product__btn"
            >
              -
            </button>
            <b>
              0
            </b>
            <button
              class="card-product__btn"
            >
              +
            </button>
          </div>
          <div
            class="card-product__price"
          >
            0
             ₸
          </div>
          <div
            class="cart-item__bin"
          >
            <svg
              fill="none"
              height="19"
              viewBox="0 0 19 19"
              width="19"
              xmlns="http://www.w3.org/2000/svg"
            >
              <path
                d="M12.625 3.25H17.3125C17.5197 3.25 17.7184 3.33231 17.8649 3.47882C18.0114 3.62534 18.0938 3.82405 18.0938 4.03125C18.0938 4.23845 18.0114 4.43716 17.8649 4.58368C17.7184 4.73019 17.5197 4.8125 17.3125 4.8125H16.4484L15.2734 15.4C15.1673 16.3555 14.7125 17.2384 13.9961 17.8795C13.2797 18.5207 12.352 18.8751 11.3906 18.875H7.60938C6.64797 18.8751 5.72029 18.5207 5.00389 17.8795C4.28749 17.2384 3.8327 16.3555 3.72656 15.4L2.55 4.8125H1.6875C1.4803 4.8125 1.28159 4.73019 1.13507 4.58368C0.98856 4.43716 0.90625 4.23845 0.90625 4.03125C0.90625 3.82405 0.98856 3.62534 1.13507 3.47882C1.28159 3.33231 1.4803 3.25 1.6875 3.25H6.375C6.375 2.4212 6.70424 1.62634 7.29029 1.04029C7.87634 0.45424 8.6712 0.125 9.5 0.125C10.3288 0.125 11.1237 0.45424 11.7097 1.04029C12.2958 1.62634 12.625 2.4212 12.625 3.25ZM9.5 1.6875C9.0856 1.6875 8.68817 1.85212 8.39515 2.14515C8.10212 2.43817 7.9375 2.8356 7.9375 3.25H11.0625C11.0625 2.8356 10.8979 2.43817 10.6049 2.14515C10.3118 1.85212 9.9144 1.6875 9.5 1.6875ZM7.15625 7.9375V14.1875C7.15625 14.3947 7.23856 14.5934 7.38507 14.7399C7.53159 14.8864 7.7303 14.9688 7.9375 14.9688C8.1447 14.9688 8.34341 14.8864 8.48993 14.7399C8.63644 14.5934 8.71875 14.3947 8.71875 14.1875V7.9375C8.71875 7.7303 8.63644 7.53159 8.48993 7.38507C8.34341 7.23856 8.1447 7.15625 7.9375 7.15625C7.7303 7.15625 7.53159 7.23856 7.38507 7.38507C7.23856 7.53159 7.15625 7.7303 7.15625 7.9375ZM11.0625 7.15625C10.8553 7.15625 10.6566 7.23856 10.5101 7.38507C10.3636 7.53159 10.2812 7.7303 10.2812 7.9375V14.1875C10.2812 14.3947 10.3636 14.5934 10.5101 14.7399C10.6566 14.8864 10.8553 14.9688 11.0625 14.9688C11.2697 14.9688 11.4684 14.8864 11.6149 14.7399C11.7614 14.5934 11.8438 14.3947 11.8438 14.1875V7.9375C11.8438 7.7303 11.7614 7.53159 11.6149 7.38507C11.4684 7.23856 11.2697 7.15625 11.0625 7.15625Z"
                fill="white"
              />
            </svg>
          </div>
        </div>
      </div>
    </div>
  </body>,
  "container": <div>
    <div
      class="cart-item"
    >
      <img
        alt="/"
        class="cart-item__image"
        src="https://sun9-19.userapi.com/impg/2PPRq_DqAos6wV6irSDxgUNzSCz-QaMLN2F30w/d9AlL4fl_eU.jpg?size=213x320&quality=95&sign=917a56004a0253a74d9f63bce0b055be&type=album"
      />
      <div
        class="cart-item__content"
      >
        <div
          class="cart-item__size"
        >
          <svg
            fill="none"
            height="15"
            viewBox="0 0 9 15"
            width="9"
            xmlns="http://www.w3.org/2000/svg"
          >
            <g
              clip-path="url(#clip0_56_1553)"
              opacity="0.23"
            >
              <path
                d="M8.1 14.0625C8.05312 14.3164 7.95234 14.5361 7.79766 14.7217C7.64297 14.9072 7.44375 15 7.2 15H1.8C1.55625 15 1.35937 14.9097 1.20937 14.729C1.05937 14.5483 0.95625 14.3262 0.9 14.0625L0 8.4375V6.5625C0 6.2793 0.0914062 6.04492 0.274219 5.85938C0.457031 5.67383 0.726562 5.49072 1.08281 5.31006C1.43906 5.12939 1.65937 5.00977 1.74375 4.95117C2.11875 4.67773 2.45625 4.35547 2.75625 3.98438C3.05625 3.61328 3.27656 3.22266 3.41719 2.8125H3.15C3.02812 2.8125 2.92266 2.76611 2.83359 2.67334C2.74453 2.58057 2.7 2.4707 2.7 2.34375V0.46875C2.7 0.341797 2.74453 0.231934 2.83359 0.13916C2.92266 0.0463867 3.02812 0 3.15 0H5.85C5.97187 0 6.07734 0.0463867 6.16641 0.13916C6.25547 0.231934 6.3 0.341797 6.3 0.46875V2.34375C6.3 2.4707 6.25547 2.58057 6.16641 2.67334C6.07734 2.76611 5.97187 2.8125 5.85 2.8125H5.58281C5.86406 3.60352 6.38437 4.28711 7.14375 4.86328C7.24687 4.95117 7.48125 5.08789 7.84687 5.27344C8.2125 5.45898 8.49609 5.64941 8.69766 5.84473C8.89922 6.04004 9 6.2793 9 6.5625V8.4375L8.1 14.0625Z"
                fill="#3F4E65"
              />
            </g>
            <defs>
              <clippath
                id="clip0_56_1553"
              >
                <rect
                  fill="white"
                  height="15"
                  width="9"
                />
              </clippath>
            </defs>
          </svg>
           
          250
           
          мл
        </div>
        <div
          class="cart-item__name"
        >
          ADIDAS
          <span
            class="cart-item__text"
          >
            Купить Гель для душа 250 мл Adidas Уход за телом
          </span>
        </div>
        <div
          class="cart-item__description"
        >
          Lorem ipsum dolor sit amet, consectetur adipiscing elit. Nullam interdum 
          <br />
           ut justo, vestibulum sagittis iaculis iaculis. Quis mattis vulputate feugiat massa 
          <br />
           vestibulum duis.
        </div>
      </div>
      <div
        class="cart-bottom__container"
      >
        <div
          class="card-product__count"
        >
          <button
            class="card-product__btn"
          >
            -
          </button>
          <b>
            0
          </b>
          <button
            class="card-product__btn"
          >
            +
          </button>
        </div>
        <div
          class="card-product__price"
        >
          0
           ₸
        </div>
        <div
          class="cart-item__bin"
        >
          <svg
            fill="none"
            height="19"
            viewBox="0 0 19 19"
            width="19"
            xmlns="http://www.w3.org/2000/svg"
          >
            <path
              d="M12.625 3.25H17.3125C17.5197 3.25 17.7184 3.33231 17.8649 3.47882C18.0114 3.62534 18.0938 3.82405 18.0938 4.03125C18.0938 4.23845 18.0114 4.43716 17.8649 4.58368C17.7184 4.73019 17.5197 4.8125 17.3125 4.8125H16.4484L15.2734 15.4C15.1673 16.3555 14.7125 17.2384 13.9961 17.8795C13.2797 18.5207 12.352 18.8751 11.3906 18.875H7.60938C6.64797 18.8751 5.72029 18.5207 5.00389 17.8795C4.28749 17.2384 3.8327 16.3555 3.72656 15.4L2.55 4.8125H1.6875C1.4803 4.8125 1.28159 4.73019 1.13507 4.58368C0.98856 4.43716 0.90625 4.23845 0.90625 4.03125C0.90625 3.82405 0.98856 3.62534 1.13507 3.47882C1.28159 3.33231 1.4803 3.25 1.6875 3.25H6.375C6.375 2.4212 6.70424 1.62634 7.29029 1.04029C7.87634 0.45424 8.6712 0.125 9.5 0.125C10.3288 0.125 11.1237 0.45424 11.7097 1.04029C12.2958 1.62634 12.625 2.4212 12.625 3.25ZM9.5 1.6875C9.0856 1.6875 8.68817 1.85212 8.39515 2.14515C8.10212 2.43817 7.9375 2.8356 7.9375 3.25H11.0625C11.0625 2.8356 10.8979 2.43817 10.6049 2.14515C10.3118 1.85212 9.9144 1.6875 9.5 1.6875ZM7.15625 7.9375V14.1875C7.15625 14.3947 7.23856 14.5934 7.38507 14.7399C7.53159 14.8864 7.7303 14.9688 7.9375 14.9688C8.1447 14.9688 8.34341 14.8864 8.48993 14.7399C8.63644 14.5934 8.71875 14.3947 8.71875 14.1875V7.9375C8.71875 7.7303 8.63644 7.53159 8.48993 7.38507C8.34341 7.23856 8.1447 7.15625 7.9375 7.15625C7.7303 7.15625 7.53159 7.23856 7.38507 7.38507C7.23856 7.53159 7.15625 7.7303 7.15625 7.9375ZM11.0625 7.15625C10.8553 7.15625 10.6566 7.23856 10.5101 7.38507C10.3636 7.53159 10.2812 7.7303 10.2812 7.9375V14.1875C10.2812 14.3947 10.3636 14.5934 10.5101 14.7399C10.6566 14.8864 10.8553 14.9688 11.0625 14.9688C11.2697 14.9688 11.4684 14.8864 11.6149 14.7399C11.7614 14.5934 11.8438 14.3947 11.8438 14.1875V7.9375C11.8438 7.7303 11.7614 7.53159 11.6149 7.38507C11.4684 7.23856 11.2697 7.15625 11.0625 7.15625Z"
              fill="white"
            />
          </svg>
        </div>
      </div>
    </div>
  </div>,
  "debug": [Function],
  "findAllByAltText": [Function],
  "findAllByDisplayValue": [Function],
  "findAllByLabelText": [Function],
  "findAllByPlaceholderText": [Function],
  "findAllByRole": [Function],
  "findAllByTestId": [Function],
  "findAllByText": [Function],
  "findAllByTitle": [Function],
  "findByAltText": [Function],
  "findByDisplayValue": [Function],
  "findByLabelText": [Function],
  "findByPlaceholderText": [Function],
  "findByRole": [Function],
  "findByTestId": [Function],
  "findByText": [Function],
  "findByTitle": [Function],
  "getAllByAltText": [Function],
  "getAllByDisplayValue": [Function],
  "getAllByLabelText": [Function],
  "getAllByPlaceholderText": [Function],
  "getAllByRole": [Function],
  "getAllByTestId": [Function],
  "getAllByText": [Function],
  "getAllByTitle": [Function],
  "getByAltText": [Function],
  "getByDisplayValue": [Function],
  "getByLabelText": [Function],
  "getByPlaceholderText": [Function],
  "getByRole": [Function],
  "getByTestId": [Function],
  "getByText": [Function],
  "getByTitle": [Function],
  "queryAllByAltText": [Function],
  "queryAllByDisplayValue": [Function],
  "queryAllByLabelText": [Function],
  "queryAllByPlaceholderText": [Function],
  "queryAllByRole": [Function],
  "queryAllByTestId": [Function],
  "queryAllByText": [Function],
  "queryAllByTitle": [Function],
  "queryByAltText": [Function],
  "queryByDisplayValue": [Function],
  "queryByLabelText": [Function],
  "queryByPlaceholderText": [Function],
  "queryByRole": [Function],
  "queryByTestId": [Function],
  "queryByText": [Function],
  "queryByTitle": [Function],
  "rerender": [Function],
  "unmount": [Function],
}
`;

exports[`CatalogItem should create CatalogItem 1`] = `
Object {
  "asFragment": [Function],
  "baseElement": <body>
    <div>
      <div
        class="cart-item"
      >
        <img
          alt="/"
          class="cart-item__image"
          src="https://sun9-19.userapi.com/impg/2PPRq_DqAos6wV6irSDxgUNzSCz-QaMLN2F30w/d9AlL4fl_eU.jpg?size=213x320&quality=95&sign=917a56004a0253a74d9f63bce0b055be&type=album"
        />
        <div
          class="cart-item__content"
        >
          <div
            class="cart-item__size"
          >
            <svg
              fill="none"
              height="15"
              viewBox="0 0 9 15"
              width="9"
              xmlns="http://www.w3.org/2000/svg"
            >
              <g
                clip-path="url(#clip0_56_1553)"
                opacity="0.23"
              >
                <path
                  d="M8.1 14.0625C8.05312 14.3164 7.95234 14.5361 7.79766 14.7217C7.64297 14.9072 7.44375 15 7.2 15H1.8C1.55625 15 1.35937 14.9097 1.20937 14.729C1.05937 14.5483 0.95625 14.3262 0.9 14.0625L0 8.4375V6.5625C0 6.2793 0.0914062 6.04492 0.274219 5.85938C0.457031 5.67383 0.726562 5.49072 1.08281 5.31006C1.43906 5.12939 1.65937 5.00977 1.74375 4.95117C2.11875 4.67773 2.45625 4.35547 2.75625 3.98438C3.05625 3.61328 3.27656 3.22266 3.41719 2.8125H3.15C3.02812 2.8125 2.92266 2.76611 2.83359 2.67334C2.74453 2.58057 2.7 2.4707 2.7 2.34375V0.46875C2.7 0.341797 2.74453 0.231934 2.83359 0.13916C2.92266 0.0463867 3.02812 0 3.15 0H5.85C5.97187 0 6.07734 0.0463867 6.16641 0.13916C6.25547 0.231934 6.3 0.341797 6.3 0.46875V2.34375C6.3 2.4707 6.25547 2.58057 6.16641 2.67334C6.07734 2.76611 5.97187 2.8125 5.85 2.8125H5.58281C5.86406 3.60352 6.38437 4.28711 7.14375 4.86328C7.24687 4.95117 7.48125 5.08789 7.84687 5.27344C8.2125 5.45898 8.49609 5.64941 8.69766 5.84473C8.89922 6.04004 9 6.2793 9 6.5625V8.4375L8.1 14.0625Z"
                  fill="#3F4E65"
                />
              </g>
              <defs>
                <clippath
                  id="clip0_56_1553"
                >
                  <rect
                    fill="white"
                    height="15"
                    width="9"
                  />
                </clippath>
              </defs>
            </svg>
             
            250
             
            мл
          </div>
          <div
            class="cart-item__name"
          >
            ADIDAS
            <span
              class="cart-item__text"
            >
              Купить Гель для душа 250 мл Adidas Уход за телом
            </span>
          </div>
          <div
            class="cart-item__description"
          >
            Lorem ipsum dolor sit amet, consectetur adipiscing elit. Nullam interdum 
            <br />
             ut justo, vestibulum sagittis iaculis iaculis. Quis mattis vulputate feugiat massa 
            <br />
             vestibulum duis.
          </div>
        </div>
        <div
          class="cart-bottom__container"
        >
          <div
            class="card-product__count"
          >
            <button
              class="card-product__btn"
            >
              -
            </button>
            <b>
              0
            </b>
            <button
              class="card-product__btn"
            >
              +
            </button>
          </div>
          <div
            class="card-product__price"
          >
            0
             ₸
          </div>
          <div
            class="cart-item__bin"
          >
            <svg
              fill="none"
              height="19"
              viewBox="0 0 19 19"
              width="19"
              xmlns="http://www.w3.org/2000/svg"
            >
              <path
                d="M12.625 3.25H17.3125C17.5197 3.25 17.7184 3.33231 17.8649 3.47882C18.0114 3.62534 18.0938 3.82405 18.0938 4.03125C18.0938 4.23845 18.0114 4.43716 17.8649 4.58368C17.7184 4.73019 17.5197 4.8125 17.3125 4.8125H16.4484L15.2734 15.4C15.1673 16.3555 14.7125 17.2384 13.9961 17.8795C13.2797 18.5207 12.352 18.8751 11.3906 18.875H7.60938C6.64797 18.8751 5.72029 18.5207 5.00389 17.8795C4.28749 17.2384 3.8327 16.3555 3.72656 15.4L2.55 4.8125H1.6875C1.4803 4.8125 1.28159 4.73019 1.13507 4.58368C0.98856 4.43716 0.90625 4.23845 0.90625 4.03125C0.90625 3.82405 0.98856 3.62534 1.13507 3.47882C1.28159 3.33231 1.4803 3.25 1.6875 3.25H6.375C6.375 2.4212 6.70424 1.62634 7.29029 1.04029C7.87634 0.45424 8.6712 0.125 9.5 0.125C10.3288 0.125 11.1237 0.45424 11.7097 1.04029C12.2958 1.62634 12.625 2.4212 12.625 3.25ZM9.5 1.6875C9.0856 1.6875 8.68817 1.85212 8.39515 2.14515C8.10212 2.43817 7.9375 2.8356 7.9375 3.25H11.0625C11.0625 2.8356 10.8979 2.43817 10.6049 2.14515C10.3118 1.85212 9.9144 1.6875 9.5 1.6875ZM7.15625 7.9375V14.1875C7.15625 14.3947 7.23856 14.5934 7.38507 14.7399C7.53159 14.8864 7.7303 14.9688 7.9375 14.9688C8.1447 14.9688 8.34341 14.8864 8.48993 14.7399C8.63644 14.5934 8.71875 14.3947 8.71875 14.1875V7.9375C8.71875 7.7303 8.63644 7.53159 8.48993 7.38507C8.34341 7.23856 8.1447 7.15625 7.9375 7.15625C7.7303 7.15625 7.53159 7.23856 7.38507 7.38507C7.23856 7.53159 7.15625 7.7303 7.15625 7.9375ZM11.0625 7.15625C10.8553 7.15625 10.6566 7.23856 10.5101 7.38507C10.3636 7.53159 10.2812 7.7303 10.2812 7.9375V14.1875C10.2812 14.3947 10.3636 14.5934 10.5101 14.7399C10.6566 14.8864 10.8553 14.9688 11.0625 14.9688C11.2697 14.9688 11.4684 14.8864 11.6149 14.7399C11.7614 14.5934 11.8438 14.3947 11.8438 14.1875V7.9375C11.8438 7.7303 11.7614 7.53159 11.6149 7.38507C11.4684 7.23856 11.2697 7.15625 11.0625 7.15625Z"
                fill="white"
              />
            </svg>
          </div>
        </div>
      </div>
    </div>
  </body>,
  "container": <div>
    <div
      class="cart-item"
    >
      <img
        alt="/"
        class="cart-item__image"
        src="https://sun9-19.userapi.com/impg/2PPRq_DqAos6wV6irSDxgUNzSCz-QaMLN2F30w/d9AlL4fl_eU.jpg?size=213x320&quality=95&sign=917a56004a0253a74d9f63bce0b055be&type=album"
      />
      <div
        class="cart-item__content"
      >
        <div
          class="cart-item__size"
        >
          <svg
            fill="none"
            height="15"
            viewBox="0 0 9 15"
            width="9"
            xmlns="http://www.w3.org/2000/svg"
          >
            <g
              clip-path="url(#clip0_56_1553)"
              opacity="0.23"
            >
              <path
                d="M8.1 14.0625C8.05312 14.3164 7.95234 14.5361 7.79766 14.7217C7.64297 14.9072 7.44375 15 7.2 15H1.8C1.55625 15 1.35937 14.9097 1.20937 14.729C1.05937 14.5483 0.95625 14.3262 0.9 14.0625L0 8.4375V6.5625C0 6.2793 0.0914062 6.04492 0.274219 5.85938C0.457031 5.67383 0.726562 5.49072 1.08281 5.31006C1.43906 5.12939 1.65937 5.00977 1.74375 4.95117C2.11875 4.67773 2.45625 4.35547 2.75625 3.98438C3.05625 3.61328 3.27656 3.22266 3.41719 2.8125H3.15C3.02812 2.8125 2.92266 2.76611 2.83359 2.67334C2.74453 2.58057 2.7 2.4707 2.7 2.34375V0.46875C2.7 0.341797 2.74453 0.231934 2.83359 0.13916C2.92266 0.0463867 3.02812 0 3.15 0H5.85C5.97187 0 6.07734 0.0463867 6.16641 0.13916C6.25547 0.231934 6.3 0.341797 6.3 0.46875V2.34375C6.3 2.4707 6.25547 2.58057 6.16641 2.67334C6.07734 2.76611 5.97187 2.8125 5.85 2.8125H5.58281C5.86406 3.60352 6.38437 4.28711 7.14375 4.86328C7.24687 4.95117 7.48125 5.08789 7.84687 5.27344C8.2125 5.45898 8.49609 5.64941 8.69766 5.84473C8.89922 6.04004 9 6.2793 9 6.5625V8.4375L8.1 14.0625Z"
                fill="#3F4E65"
              />
            </g>
            <defs>
              <clippath
                id="clip0_56_1553"
              >
                <rect
                  fill="white"
                  height="15"
                  width="9"
                />
              </clippath>
            </defs>
          </svg>
           
          250
           
          мл
        </div>
        <div
          class="cart-item__name"
        >
          ADIDAS
          <span
            class="cart-item__text"
          >
            Купить Гель для душа 250 мл Adidas Уход за телом
          </span>
        </div>
        <div
          class="cart-item__description"
        >
          Lorem ipsum dolor sit amet, consectetur adipiscing elit. Nullam interdum 
          <br />
           ut justo, vestibulum sagittis iaculis iaculis. Quis mattis vulputate feugiat massa 
          <br />
           vestibulum duis.
        </div>
      </div>
      <div
        class="cart-bottom__container"
      >
        <div
          class="card-product__count"
        >
          <button
            class="card-product__btn"
          >
            -
          </button>
          <b>
            0
          </b>
          <button
            class="card-product__btn"
          >
            +
          </button>
        </div>
        <div
          class="card-product__price"
        >
          0
           ₸
        </div>
        <div
          class="cart-item__bin"
        >
          <svg
            fill="none"
            height="19"
            viewBox="0 0 19 19"
            width="19"
            xmlns="http://www.w3.org/2000/svg"
          >
            <path
              d="M12.625 3.25H17.3125C17.5197 3.25 17.7184 3.33231 17.8649 3.47882C18.0114 3.62534 18.0938 3.82405 18.0938 4.03125C18.0938 4.23845 18.0114 4.43716 17.8649 4.58368C17.7184 4.73019 17.5197 4.8125 17.3125 4.8125H16.4484L15.2734 15.4C15.1673 16.3555 14.7125 17.2384 13.9961 17.8795C13.2797 18.5207 12.352 18.8751 11.3906 18.875H7.60938C6.64797 18.8751 5.72029 18.5207 5.00389 17.8795C4.28749 17.2384 3.8327 16.3555 3.72656 15.4L2.55 4.8125H1.6875C1.4803 4.8125 1.28159 4.73019 1.13507 4.58368C0.98856 4.43716 0.90625 4.23845 0.90625 4.03125C0.90625 3.82405 0.98856 3.62534 1.13507 3.47882C1.28159 3.33231 1.4803 3.25 1.6875 3.25H6.375C6.375 2.4212 6.70424 1.62634 7.29029 1.04029C7.87634 0.45424 8.6712 0.125 9.5 0.125C10.3288 0.125 11.1237 0.45424 11.7097 1.04029C12.2958 1.62634 12.625 2.4212 12.625 3.25ZM9.5 1.6875C9.0856 1.6875 8.68817 1.85212 8.39515 2.14515C8.10212 2.43817 7.9375 2.8356 7.9375 3.25H11.0625C11.0625 2.8356 10.8979 2.43817 10.6049 2.14515C10.3118 1.85212 9.9144 1.6875 9.5 1.6875ZM7.15625 7.9375V14.1875C7.15625 14.3947 7.23856 14.5934 7.38507 14.7399C7.53159 14.8864 7.7303 14.9688 7.9375 14.9688C8.1447 14.9688 8.34341 14.8864 8.48993 14.7399C8.63644 14.5934 8.71875 14.3947 8.71875 14.1875V7.9375C8.71875 7.7303 8.63644 7.53159 8.48993 7.38507C8.34341 7.23856 8.1447 7.15625 7.9375 7.15625C7.7303 7.15625 7.53159 7.23856 7.38507 7.38507C7.23856 7.53159 7.15625 7.7303 7.15625 7.9375ZM11.0625 7.15625C10.8553 7.15625 10.6566 7.23856 10.5101 7.38507C10.3636 7.53159 10.2812 7.7303 10.2812 7.9375V14.1875C10.2812 14.3947 10.3636 14.5934 10.5101 14.7399C10.6566 14.8864 10.8553 14.9688 11.0625 14.9688C11.2697 14.9688 11.4684 14.8864 11.6149 14.7399C11.7614 14.5934 11.8438 14.3947 11.8438 14.1875V7.9375C11.8438 7.7303 11.7614 7.53159 11.6149 7.38507C11.4684 7.23856 11.2697 7.15625 11.0625 7.15625Z"
              fill="white"
            />
          </svg>
        </div>
      </div>
    </div>
  </div>,
  "debug": [Function],
  "findAllByAltText": [Function],
  "findAllByDisplayValue": [Function],
  "findAllByLabelText": [Function],
  "findAllByPlaceholderText": [Function],
  "findAllByRole": [Function],
  "findAllByTestId": [Function],
  "findAllByText": [Function],
  "findAllByTitle": [Function],
  "findByAltText": [Function],
  "findByDisplayValue": [Function],
  "findByLabelText": [Function],
  "findByPlaceholderText": [Function],
  "findByRole": [Function],
  "findByTestId": [Function],
  "findByText": [Function],
  "findByTitle": [Function],
  "getAllByAltText": [Function],
  "getAllByDisplayValue": [Function],
  "getAllByLabelText": [Function],
  "getAllByPlaceholderText": [Function],
  "getAllByRole": [Function],
  "getAllByTestId": [Function],
  "getAllByText": [Function],
  "getAllByTitle": [Function],
  "getByAltText": [Function],
  "getByDisplayValue": [Function],
  "getByLabelText": [Function],
  "getByPlaceholderText": [Function],
  "getByRole": [Function],
  "getByTestId": [Function],
  "getByText": [Function],
  "getByTitle": [Function],
  "queryAllByAltText": [Function],
  "queryAllByDisplayValue": [Function],
  "queryAllByLabelText": [Function],
  "queryAllByPlaceholderText": [Function],
  "queryAllByRole": [Function],
  "queryAllByTestId": [Function],
  "queryAllByText": [Function],
  "queryAllByTitle": [Function],
  "queryByAltText": [Function],
  "queryByDisplayValue": [Function],
  "queryByLabelText": [Function],
  "queryByPlaceholderText": [Function],
  "queryByRole": [Function],
  "queryByTestId": [Function],
  "queryByText": [Function],
  "queryByTitle": [Function],
  "rerender": [Function],
  "unmount": [Function],
}
`;

exports[`CatalogItem should dispatch actions 1`] = `
Object {
  "asFragment": [Function],
  "baseElement": <body>
    <div>
      <div
        class="cart-item"
      >
        <img
          alt="/"
          class="cart-item__image"
          src="https://sun9-19.userapi.com/impg/2PPRq_DqAos6wV6irSDxgUNzSCz-QaMLN2F30w/d9AlL4fl_eU.jpg?size=213x320&quality=95&sign=917a56004a0253a74d9f63bce0b055be&type=album"
        />
        <div
          class="cart-item__content"
        >
          <div
            class="cart-item__size"
          >
            <svg
              fill="none"
              height="15"
              viewBox="0 0 9 15"
              width="9"
              xmlns="http://www.w3.org/2000/svg"
            >
              <g
                clip-path="url(#clip0_56_1553)"
                opacity="0.23"
              >
                <path
                  d="M8.1 14.0625C8.05312 14.3164 7.95234 14.5361 7.79766 14.7217C7.64297 14.9072 7.44375 15 7.2 15H1.8C1.55625 15 1.35937 14.9097 1.20937 14.729C1.05937 14.5483 0.95625 14.3262 0.9 14.0625L0 8.4375V6.5625C0 6.2793 0.0914062 6.04492 0.274219 5.85938C0.457031 5.67383 0.726562 5.49072 1.08281 5.31006C1.43906 5.12939 1.65937 5.00977 1.74375 4.95117C2.11875 4.67773 2.45625 4.35547 2.75625 3.98438C3.05625 3.61328 3.27656 3.22266 3.41719 2.8125H3.15C3.02812 2.8125 2.92266 2.76611 2.83359 2.67334C2.74453 2.58057 2.7 2.4707 2.7 2.34375V0.46875C2.7 0.341797 2.74453 0.231934 2.83359 0.13916C2.92266 0.0463867 3.02812 0 3.15 0H5.85C5.97187 0 6.07734 0.0463867 6.16641 0.13916C6.25547 0.231934 6.3 0.341797 6.3 0.46875V2.34375C6.3 2.4707 6.25547 2.58057 6.16641 2.67334C6.07734 2.76611 5.97187 2.8125 5.85 2.8125H5.58281C5.86406 3.60352 6.38437 4.28711 7.14375 4.86328C7.24687 4.95117 7.48125 5.08789 7.84687 5.27344C8.2125 5.45898 8.49609 5.64941 8.69766 5.84473C8.89922 6.04004 9 6.2793 9 6.5625V8.4375L8.1 14.0625Z"
                  fill="#3F4E65"
                />
              </g>
              <defs>
                <clippath
                  id="clip0_56_1553"
                >
                  <rect
                    fill="white"
                    height="15"
                    width="9"
                  />
                </clippath>
              </defs>
            </svg>
             
            250
             
            мл
          </div>
          <div
            class="cart-item__name"
          >
            ADIDAS
            <span
              class="cart-item__text"
            >
              Купить Гель для душа 250 мл Adidas Уход за телом
            </span>
          </div>
          <div
            class="cart-item__description"
          >
            Lorem ipsum dolor sit amet, consectetur adipiscing elit. Nullam interdum 
            <br />
             ut justo, vestibulum sagittis iaculis iaculis. Quis mattis vulputate feugiat massa 
            <br />
             vestibulum duis.
          </div>
        </div>
        <div
          class="cart-bottom__container"
        >
          <div
            class="card-product__count"
          >
            <button
              class="card-product__btn"
            >
              -
            </button>
            <b>
              0
            </b>
            <button
              class="card-product__btn"
            >
              +
            </button>
          </div>
          <div
            class="card-product__price"
          >
            0
             ₸
          </div>
          <div
            class="cart-item__bin"
          >
            <svg
              fill="none"
              height="19"
              viewBox="0 0 19 19"
              width="19"
              xmlns="http://www.w3.org/2000/svg"
            >
              <path
                d="M12.625 3.25H17.3125C17.5197 3.25 17.7184 3.33231 17.8649 3.47882C18.0114 3.62534 18.0938 3.82405 18.0938 4.03125C18.0938 4.23845 18.0114 4.43716 17.8649 4.58368C17.7184 4.73019 17.5197 4.8125 17.3125 4.8125H16.4484L15.2734 15.4C15.1673 16.3555 14.7125 17.2384 13.9961 17.8795C13.2797 18.5207 12.352 18.8751 11.3906 18.875H7.60938C6.64797 18.8751 5.72029 18.5207 5.00389 17.8795C4.28749 17.2384 3.8327 16.3555 3.72656 15.4L2.55 4.8125H1.6875C1.4803 4.8125 1.28159 4.73019 1.13507 4.58368C0.98856 4.43716 0.90625 4.23845 0.90625 4.03125C0.90625 3.82405 0.98856 3.62534 1.13507 3.47882C1.28159 3.33231 1.4803 3.25 1.6875 3.25H6.375C6.375 2.4212 6.70424 1.62634 7.29029 1.04029C7.87634 0.45424 8.6712 0.125 9.5 0.125C10.3288 0.125 11.1237 0.45424 11.7097 1.04029C12.2958 1.62634 12.625 2.4212 12.625 3.25ZM9.5 1.6875C9.0856 1.6875 8.68817 1.85212 8.39515 2.14515C8.10212 2.43817 7.9375 2.8356 7.9375 3.25H11.0625C11.0625 2.8356 10.8979 2.43817 10.6049 2.14515C10.3118 1.85212 9.9144 1.6875 9.5 1.6875ZM7.15625 7.9375V14.1875C7.15625 14.3947 7.23856 14.5934 7.38507 14.7399C7.53159 14.8864 7.7303 14.9688 7.9375 14.9688C8.1447 14.9688 8.34341 14.8864 8.48993 14.7399C8.63644 14.5934 8.71875 14.3947 8.71875 14.1875V7.9375C8.71875 7.7303 8.63644 7.53159 8.48993 7.38507C8.34341 7.23856 8.1447 7.15625 7.9375 7.15625C7.7303 7.15625 7.53159 7.23856 7.38507 7.38507C7.23856 7.53159 7.15625 7.7303 7.15625 7.9375ZM11.0625 7.15625C10.8553 7.15625 10.6566 7.23856 10.5101 7.38507C10.3636 7.53159 10.2812 7.7303 10.2812 7.9375V14.1875C10.2812 14.3947 10.3636 14.5934 10.5101 14.7399C10.6566 14.8864 10.8553 14.9688 11.0625 14.9688C11.2697 14.9688 11.4684 14.8864 11.6149 14.7399C11.7614 14.5934 11.8438 14.3947 11.8438 14.1875V7.9375C11.8438 7.7303 11.7614 7.53159 11.6149 7.38507C11.4684 7.23856 11.2697 7.15625 11.0625 7.15625Z"
                fill="white"
              />
            </svg>
          </div>
        </div>
      </div>
    </div>
  </body>,
  "container": <div>
    <div
      class="cart-item"
    >
      <img
        alt="/"
        class="cart-item__image"
        src="https://sun9-19.userapi.com/impg/2PPRq_DqAos6wV6irSDxgUNzSCz-QaMLN2F30w/d9AlL4fl_eU.jpg?size=213x320&quality=95&sign=917a56004a0253a74d9f63bce0b055be&type=album"
      />
      <div
        class="cart-item__content"
      >
        <div
          class="cart-item__size"
        >
          <svg
            fill="none"
            height="15"
            viewBox="0 0 9 15"
            width="9"
            xmlns="http://www.w3.org/2000/svg"
          >
            <g
              clip-path="url(#clip0_56_1553)"
              opacity="0.23"
            >
              <path
                d="M8.1 14.0625C8.05312 14.3164 7.95234 14.5361 7.79766 14.7217C7.64297 14.9072 7.44375 15 7.2 15H1.8C1.55625 15 1.35937 14.9097 1.20937 14.729C1.05937 14.5483 0.95625 14.3262 0.9 14.0625L0 8.4375V6.5625C0 6.2793 0.0914062 6.04492 0.274219 5.85938C0.457031 5.67383 0.726562 5.49072 1.08281 5.31006C1.43906 5.12939 1.65937 5.00977 1.74375 4.95117C2.11875 4.67773 2.45625 4.35547 2.75625 3.98438C3.05625 3.61328 3.27656 3.22266 3.41719 2.8125H3.15C3.02812 2.8125 2.92266 2.76611 2.83359 2.67334C2.74453 2.58057 2.7 2.4707 2.7 2.34375V0.46875C2.7 0.341797 2.74453 0.231934 2.83359 0.13916C2.92266 0.0463867 3.02812 0 3.15 0H5.85C5.97187 0 6.07734 0.0463867 6.16641 0.13916C6.25547 0.231934 6.3 0.341797 6.3 0.46875V2.34375C6.3 2.4707 6.25547 2.58057 6.16641 2.67334C6.07734 2.76611 5.97187 2.8125 5.85 2.8125H5.58281C5.86406 3.60352 6.38437 4.28711 7.14375 4.86328C7.24687 4.95117 7.48125 5.08789 7.84687 5.27344C8.2125 5.45898 8.49609 5.64941 8.69766 5.84473C8.89922 6.04004 9 6.2793 9 6.5625V8.4375L8.1 14.0625Z"
                fill="#3F4E65"
              />
            </g>
            <defs>
              <clippath
                id="clip0_56_1553"
              >
                <rect
                  fill="white"
                  height="15"
                  width="9"
                />
              </clippath>
            </defs>
          </svg>
           
          250
           
          мл
        </div>
        <div
          class="cart-item__name"
        >
          ADIDAS
          <span
            class="cart-item__text"
          >
            Купить Гель для душа 250 мл Adidas Уход за телом
          </span>
        </div>
        <div
          class="cart-item__description"
        >
          Lorem ipsum dolor sit amet, consectetur adipiscing elit. Nullam interdum 
          <br />
           ut justo, vestibulum sagittis iaculis iaculis. Quis mattis vulputate feugiat massa 
          <br />
           vestibulum duis.
        </div>
      </div>
      <div
        class="cart-bottom__container"
      >
        <div
          class="card-product__count"
        >
          <button
            class="card-product__btn"
          >
            -
          </button>
          <b>
            0
          </b>
          <button
            class="card-product__btn"
          >
            +
          </button>
        </div>
        <div
          class="card-product__price"
        >
          0
           ₸
        </div>
        <div
          class="cart-item__bin"
        >
          <svg
            fill="none"
            height="19"
            viewBox="0 0 19 19"
            width="19"
            xmlns="http://www.w3.org/2000/svg"
          >
            <path
              d="M12.625 3.25H17.3125C17.5197 3.25 17.7184 3.33231 17.8649 3.47882C18.0114 3.62534 18.0938 3.82405 18.0938 4.03125C18.0938 4.23845 18.0114 4.43716 17.8649 4.58368C17.7184 4.73019 17.5197 4.8125 17.3125 4.8125H16.4484L15.2734 15.4C15.1673 16.3555 14.7125 17.2384 13.9961 17.8795C13.2797 18.5207 12.352 18.8751 11.3906 18.875H7.60938C6.64797 18.8751 5.72029 18.5207 5.00389 17.8795C4.28749 17.2384 3.8327 16.3555 3.72656 15.4L2.55 4.8125H1.6875C1.4803 4.8125 1.28159 4.73019 1.13507 4.58368C0.98856 4.43716 0.90625 4.23845 0.90625 4.03125C0.90625 3.82405 0.98856 3.62534 1.13507 3.47882C1.28159 3.33231 1.4803 3.25 1.6875 3.25H6.375C6.375 2.4212 6.70424 1.62634 7.29029 1.04029C7.87634 0.45424 8.6712 0.125 9.5 0.125C10.3288 0.125 11.1237 0.45424 11.7097 1.04029C12.2958 1.62634 12.625 2.4212 12.625 3.25ZM9.5 1.6875C9.0856 1.6875 8.68817 1.85212 8.39515 2.14515C8.10212 2.43817 7.9375 2.8356 7.9375 3.25H11.0625C11.0625 2.8356 10.8979 2.43817 10.6049 2.14515C10.3118 1.85212 9.9144 1.6875 9.5 1.6875ZM7.15625 7.9375V14.1875C7.15625 14.3947 7.23856 14.5934 7.38507 14.7399C7.53159 14.8864 7.7303 14.9688 7.9375 14.9688C8.1447 14.9688 8.34341 14.8864 8.48993 14.7399C8.63644 14.5934 8.71875 14.3947 8.71875 14.1875V7.9375C8.71875 7.7303 8.63644 7.53159 8.48993 7.38507C8.34341 7.23856 8.1447 7.15625 7.9375 7.15625C7.7303 7.15625 7.53159 7.23856 7.38507 7.38507C7.23856 7.53159 7.15625 7.7303 7.15625 7.9375ZM11.0625 7.15625C10.8553 7.15625 10.6566 7.23856 10.5101 7.38507C10.3636 7.53159 10.2812 7.7303 10.2812 7.9375V14.1875C10.2812 14.3947 10.3636 14.5934 10.5101 14.7399C10.6566 14.8864 10.8553 14.9688 11.0625 14.9688C11.2697 14.9688 11.4684 14.8864 11.6149 14.7399C11.7614 14.5934 11.8438 14.3947 11.8438 14.1875V7.9375C11.8438 7.7303 11.7614 7.53159 11.6149 7.38507C11.4684 7.23856 11.2697 7.15625 11.0625 7.15625Z"
              fill="white"
            />
          </svg>
        </div>
      </div>
    </div>
  </div>,
  "debug": [Function],
  "findAllByAltText": [Function],
  "findAllByDisplayValue": [Function],
  "findAllByLabelText": [Function],
  "findAllByPlaceholderText": [Function],
  "findAllByRole": [Function],
  "findAllByTestId": [Function],
  "findAllByText": [Function],
  "findAllByTitle": [Function],
  "findByAltText": [Function],
  "findByDisplayValue": [Function],
  "findByLabelText": [Function],
  "findByPlaceholderText": [Function],
  "findByRole": [Function],
  "findByTestId": [Function],
  "findByText": [Function],
  "findByTitle": [Function],
  "getAllByAltText": [Function],
  "getAllByDisplayValue": [Function],
  "getAllByLabelText": [Function],
  "getAllByPlaceholderText": [Function],
  "getAllByRole": [Function],
  "getAllByTestId": [Function],
  "getAllByText": [Function],
  "getAllByTitle": [Function],
  "getByAltText": [Function],
  "getByDisplayValue": [Function],
  "getByLabelText": [Function],
  "getByPlaceholderText": [Function],
  "getByRole": [Function],
  "getByTestId": [Function],
  "getByText": [Function],
  "getByTitle": [Function],
  "queryAllByAltText": [Function],
  "queryAllByDisplayValue": [Function],
  "queryAllByLabelText": [Function],
  "queryAllByPlaceholderText": [Function],
  "queryAllByRole": [Function],
  "queryAllByTestId": [Function],
  "queryAllByText": [Function],
  "queryAllByTitle": [Function],
  "queryByAltText": [Function],
  "queryByDisplayValue": [Function],
  "queryByLabelText": [Function],
  "queryByPlaceholderText": [Function],
  "queryByRole": [Function],
  "queryByTestId": [Function],
  "queryByText": [Function],
  "queryByTitle": [Function],
  "rerender": [Function],
  "unmount": [Function],
}
`;
